// Jest Snapshot v1, https://goo.gl/fbAQLP

exports[`snapshots App snapshot 1`] = `
<Fragment>
  <Connect(Header) />
  <div
    className="container-fluid flower-container"
  >
    <Row
      noGutters={false}
    />
  </div>
</Fragment>
`;
